// Jest Snapshot v1, https://goo.gl/fbAQLP

exports[`Simulator renders 1`] = `
<div
  className="sim_container"
  id="sim_container"
>
  <div>
    <div
      className="simulator sim_hidden"
      id="simulator"
      key="sim"
    >
      <ContextExplorer
        onClose={[Function]}
        visible={false}
      />
      <div
        className="screen"
      >
        <div
          className="header "
        >
          <div
            className="reset"
          >
            <ForwardRef
              icon="button-refresh-arrow-1"
              onClick={[Function]}
              scheme="neutral-snow"
              size="md"
            />
          </div>
          <div
            className="close fe-x"
            onClick={[Function]}
          />
        </div>
        <div
          className="messages "
          style={
            Object {
              "height": 366,
            }
          }
        >
          <div
            id="bottom"
            style={
              Object {
                "clear": "both",
                "float": "left",
                "marginTop": 20,
              }
            }
          />
        </div>
        <div
          className="controls"
        >
          <input
            disabled={false}
            onKeyUp={[Function]}
            placeholder="Press refresh to start again"
            type="text"
          />
          <div
            className="show_attachments_button"
          >
            <ForwardRef
              icon="attachment"
              onClick={[Function]}
              scheme="neutral-cloudy"
              size="sm"
            />
          </div>
        </div>
        <div
          className="attachment_buttons "
        >
          <span
            className="ml-auto"
          >
            <ForwardRef
              className="icon"
              icon="video-file-mp4-1"
              onClick={[Function]}
              scheme="neutral-cloudy"
              size="md"
            />
          </span>
          <ForwardRef
            className="icon"
            icon="common-file-horizontal-image-1"
            onClick={[Function]}
            scheme="neutral-cloudy"
            size="md"
          />
          <ForwardRef
            className="icon"
            icon="microphone"
            onClick={[Function]}
            scheme="neutral-cloudy"
            size="md"
          />
          <div
            className="fe-map-marker"
            onClick={[Function]}
          />
          <div
            className="fe-x ml-auto"
            onClick={[Function]}
          />
        </div>
        <div
          className="drawer  forced"
          style={
            Object {
              "bottom": -0,
            }
          }
        />
        <div
          className="footer "
        >
          <div
            className="show_context_button"
          >
            <div
              className="context-button"
              onClick={[Function]}
            >
              <span
                className="fe-at-sign"
              />
            </div>
          </div>
          <div
            className="whatsapp_switch"
          >
            <span>
              WhatsApp
            </span>
            <SwitchElement
              checked={false}
              name="WhatsApp"
              onChange={[Function]}
              size="small"
            />
          </div>
        </div>
      </div>
    </div>
  </div>
  <div
    className="simulator_tab "
    onClick={[Function]}
  >
    <div
      className="simulator_tab_icon fe-smartphone"
    />
    <div
      className="simulator_tab_text"
    >
      Run in Simulator
    </div>
  </div>
</div>
`;
