// Jest Snapshot v1, https://goo.gl/fbAQLP

exports[`TextInputElement renders 1`] = `
<body>
  <div>
    <div
      data-use-vue-component-wrap=""
      style="all: unset;"
      unnnic-input="true"
    >
      <div
        class="unnnic-input size-sm"
        data-passed-props="[object Object]"
        data-testid="Message"
        data-v-37e767d4=""
      >
        <!---->
        <div
          class="input-container"
          data-v-37e767d4=""
        >
          <!---->
          <input
            class="unnnic-font secondary"
            data-v-37e767d4=""
            type="text"
          />
          <!---->
          <!---->
        </div>
        <!---->
      </div>
    </div>
  </div>
</body>
`;
