// Vitest Snapshot v1, https://vitest.dev/guide/snapshot.html

exports[`QuickRepliesList > should render 1`] = `
<body>
  <div>
    <div>
      <span
        class="_replies_label_9acb41"
      >
        Add up to 3 replies
      </span>
      <div
        class="_replies_items_9acb41"
      >
        <div
          class="_reply_item_wrapper_9acb41"
        >
          <div
            class="_drag_wrapper_9acb41"
            data-draggable="true"
          >
            <div
              data-draggable="true"
              data-use-vue-component-wrap=""
              data-v-app=""
              style="height: 20px; padding: 4px;"
            >
              <span
                class="material-symbols-rounded unnnic-icon-scheme--neutral-cloudy unnnic-icon-size--sm unnnic--clickable _drag_handle_9acb41"
                data-draggable="true"
                data-v-edf1acd8=""
              >
                drag_indicator
              </span>
            </div>
          </div>
          <div
            class="_reply_item_input_9acb41"
          >
            <div>
              <div
                class="_completion_wrapper_17662c"
              >
                <div
                  data-testid="Reply"
                >
                  <div
                    data-use-vue-component-wrap=""
                    data-v-app=""
                    style="all: unset;"
                  >
                    <div
                      class="unnnic-form md"
                      data-v-4d681994=""
                      maxlength="20"
                    >
                      <!---->
                      <div
                        class="text-input size--md unnnic-form-input"
                        data-v-20f606ca=""
                        data-v-4d681994=""
                        mask=""
                        maxlength="20"
                      >
                        <input
                          class="unnnic-form-input input-itself input size-md normal unnnic-form-input input-itself"
                          data-v-1e805323=""
                          data-v-20f606ca=""
                          hascloudycolor="false"
                          maxlength="20"
                          placeholder="Reply"
                          type="text"
                        />
                        <!---->
                        <!---->
                      </div>
                      <!---->
                    </div>
                  </div>
                </div>
                <div
                  class="_options_wrapper_08dd12"
                  data-testid="temba_completion_options_Reply"
                  id=""
                  style="margin-top: 0px; width: 0px; display: none;"
                />
              </div>
            </div>
          </div>
          <div
            data-use-vue-component-wrap=""
            data-v-app=""
            style="all: unset;"
          >
            <button
              class="unnnic-button unnnic-button--size-small unnnic-button--tertiary unnnic-button--icon-on-center"
              data-testid="Remove"
              data-v-d3a33348=""
            >
              <!---->
              <!---->
              <span
                class="material-symbols-rounded unnnic-icon-scheme--neutral-dark unnnic-icon-size--sm"
                data-v-d3a33348=""
                data-v-edf1acd8=""
              >
                delete
              </span>
              <span
                class="unnnic-button__label"
                data-v-d3a33348=""
              >
                
                
                 
              </span>
              <!---->
            </button>
          </div>
        </div>
        <div
          class="_reply_item_wrapper_9acb41"
        >
          <div
            class="_drag_wrapper_9acb41"
            data-draggable="true"
          >
            <div
              data-draggable="true"
              data-use-vue-component-wrap=""
              data-v-app=""
              style="height: 20px; padding: 4px;"
            >
              <span
                class="material-symbols-rounded unnnic-icon-scheme--neutral-cloudy unnnic-icon-size--sm unnnic--clickable _drag_handle_9acb41"
                data-draggable="true"
                data-v-edf1acd8=""
              >
                drag_indicator
              </span>
            </div>
          </div>
          <div
            class="_reply_item_input_9acb41"
          >
            <div>
              <div
                class="_completion_wrapper_17662c"
              >
                <div
                  data-testid="Reply"
                >
                  <div
                    data-use-vue-component-wrap=""
                    data-v-app=""
                    style="all: unset;"
                  >
                    <div
                      class="unnnic-form md"
                      data-v-4d681994=""
                      maxlength="20"
                    >
                      <!---->
                      <div
                        class="text-input size--md unnnic-form-input"
                        data-v-20f606ca=""
                        data-v-4d681994=""
                        mask=""
                        maxlength="20"
                      >
                        <input
                          class="unnnic-form-input input-itself input size-md normal unnnic-form-input input-itself"
                          data-v-1e805323=""
                          data-v-20f606ca=""
                          hascloudycolor="false"
                          maxlength="20"
                          placeholder="Reply"
                          type="text"
                        />
                        <!---->
                        <!---->
                      </div>
                      <!---->
                    </div>
                  </div>
                </div>
                <div
                  class="_options_wrapper_08dd12"
                  data-testid="temba_completion_options_Reply"
                  id=""
                  style="margin-top: 0px; width: 0px; display: none;"
                />
              </div>
            </div>
          </div>
          <div
            data-use-vue-component-wrap=""
            data-v-app=""
            style="all: unset;"
          >
            <button
              class="unnnic-button unnnic-button--size-small unnnic-button--tertiary unnnic-button--icon-on-center"
              data-testid="Remove"
              data-v-d3a33348=""
            >
              <!---->
              <!---->
              <span
                class="material-symbols-rounded unnnic-icon-scheme--neutral-dark unnnic-icon-size--sm"
                data-v-d3a33348=""
                data-v-edf1acd8=""
              >
                delete
              </span>
              <span
                class="unnnic-button__label"
                data-v-d3a33348=""
              >
                
                
                 
              </span>
              <!---->
            </button>
          </div>
        </div>
      </div>
    </div>
  </div>
</body>
`;
