// Vitest Snapshot v1, https://vitest.dev/guide/snapshot.html

exports[`DigitsRouterForm > initializes 1`] = `ShallowWrapper {}`;

exports[`DigitsRouterForm > should render 1`] = `ShallowWrapper {}`;

exports[`DigitsRouterForm > updates > should save changes 1`] = `
{
  "cases": [
    {
      "categoryName": "Red",
      "kase": {
        "arguments": [
          "red",
        ],
        "type": "has_any_word",
      },
    },
    {
      "categoryName": "Red",
      "kase": {
        "arguments": [
          "maroon",
        ],
        "type": "has_any_word",
      },
    },
    {
      "categoryName": "Green",
      "kase": {
        "arguments": [
          "green",
        ],
        "type": "has_any_word",
      },
    },
  ],
  "resultName": {
    "validationFailures": [],
    "value": "Favorite Color",
  },
  "valid": true,
}
`;

exports[`DigitsRouterForm > updates > should save changes 2`] = `
[MockFunction spy] {
  "calls": [
    [
      {
        "inboundConnections": {},
        "node": {
          "actions": [],
          "exits": [
            {
              "uuid": "1dce2b34-9aab-4e20-81c4-3f0408dcb671",
            },
            {
              "uuid": "477ac8b4-25e2-483a-8686-2d1332c4da1c",
            },
            {
              "uuid": "b1f332f3-bdd3-4891-aec5-1843a712dbf1",
            },
          ],
          "router": {
            "cases": [
              {
                "arguments": [
                  "red",
                ],
                "category_uuid": "763e4844-3e1b-407a-a1b5-5fdfcd308b41",
                "type": "has_any_word",
              },
              {
                "arguments": [
                  "maroon",
                ],
                "category_uuid": "763e4844-3e1b-407a-a1b5-5fdfcd308b41",
                "type": "has_any_word",
              },
              {
                "arguments": [
                  "green",
                ],
                "category_uuid": "1e47a1e1-3c67-4df5-adf1-da542c789adb",
                "type": "has_any_word",
              },
            ],
            "categories": [
              {
                "exit_uuid": "1dce2b34-9aab-4e20-81c4-3f0408dcb671",
                "name": "Red",
                "uuid": "763e4844-3e1b-407a-a1b5-5fdfcd308b41",
              },
              {
                "exit_uuid": "477ac8b4-25e2-483a-8686-2d1332c4da1c",
                "name": "Green",
                "uuid": "1e47a1e1-3c67-4df5-adf1-da542c789adb",
              },
              {
                "exit_uuid": "b1f332f3-bdd3-4891-aec5-1843a712dbf1",
                "name": "Other",
                "uuid": "061fc171-8b79-4636-b892-bd0ea5aa9b42",
              },
            ],
            "default_category_uuid": "061fc171-8b79-4636-b892-bd0ea5aa9b42",
            "operand": "@input.text",
            "result_name": "Favorite Color",
            "type": "switch",
            "wait": {
              "hint": {
                "type": "digits",
              },
              "type": "msg",
            },
          },
          "uuid": "1dce2b34-9aab-4e20-81c4-3f0408dcb671",
        },
        "ui": {
          "config": {
            "cases": {},
          },
          "position": null,
          "type": "wait_for_response",
        },
      },
    ],
  ],
  "results": [
    {
      "type": "return",
      "value": undefined,
    },
  ],
}
`;
