// Vitest Snapshot v1, https://vitest.dev/guide/snapshot.html

exports[`TimeoutControl > handles initial values 1`] = `ShallowWrapper {}`;

exports[`TimeoutControl > renders 1`] = `ShallowWrapper {}`;

exports[`TimeoutControl > updates > check 1`] = `
[MockFunction spy] {
  "calls": [
    [
      120,
    ],
  ],
  "results": [
    {
      "type": "return",
      "value": undefined,
    },
  ],
}
`;

exports[`TimeoutControl > updates > update 1`] = `
[MockFunction spy] {
  "calls": [
    [
      120,
    ],
    [
      15,
    ],
  ],
  "results": [
    {
      "type": "return",
      "value": undefined,
    },
    {
      "type": "return",
      "value": undefined,
    },
  ],
}
`;
